Microchip MPLAB XC8 Compiler V2.41

Linker command line:

-W-3 \
  --edf=C:\Program Files\Microchip\xc8\v2.41\pic\dat\20230208172133_en.msgs \
  -cn -h+dist/default/production\uart.X.production.sym \
  --cmf=dist/default/production\uart.X.production.cmf -z -Q18F4580 \
  -oC:\Users\santh\AppData\Local\Temp\xcAsa50.\driver_tmp_3.o \
  --defsym=__MPLAB_BUILD=1 --fixupoverflow=error \
  -Mdist/default/production/uart.X.production.map \
  --md=C:\Users\santh\AppData\Local\Temp\xcAsa50.\driver_tmp_0.dat -E1 \
  -ver=XC8 Compiler --acfsm=1493 -ACODE=00h-03000h -ACONST=00h-03000h \
  -ASMALLCONST=0600h-06FFhx42,03000h-03000h -AMEDIUMCONST=0600h-03000h \
  -ACOMRAM=01h-05Fh -AABS1=00h-05FFh -ABIGRAM=01h-05FFh \
  -ARAM=060h-0FFh,0100h-01FFhx5 -ABANK0=060h-0FFh -ABANK1=0100h-01FFh \
  -ABANK2=0200h-02FFh -ABANK3=0300h-03FFh -ABANK4=0400h-04FFh \
  -ABANK5=0500h-05FFh -ASFR=0D00h-0DFFhx2,0F00h-0F5Fh,0F60h-0FFFh \
  -ABIGSFR=0D00h-0FFFh -ACONFIG=0300000h-030000Dh -AIDLOC=0200000h-0200007h \
  -AEEDATA=0F00000h-0F000FFh -peeprom_data=EEDATA \
  -preset_vec=00h,intcode,intcodelo,powerup,init -pramtop=0600h \
  -psmallconst=SMALLCONST -pmediumconst=MEDIUMCONST -pconst=CONST \
  -AFARRAM=00h-00h \
  -prdata=COMRAM,nvrram=COMRAM,nvbit=COMRAM,rbss=COMRAM,rbit=COMRAM \
  -pfarbss=FARRAM,fardata=FARRAM,nvFARRAM=FARRAM \
  -pintsave_regs=BIGRAM,bigbss=BIGRAM,bigdata=BIGRAM -pbss=RAM \
  -pidata=CODE,irdata=CODE,ibigdata=CODE,ifardata=CODE -prparam=COMRAM \
  C:\Users\santh\AppData\Local\Temp\xcAsa50.\driver_tmp_9.o \
  dist/default/production\uart.X.production.o 

Object code version is 3.11

Machine type is 18F4580



                Name                               Link     Load   Length Selector   Space Scale
C:\Users\santh\AppData\Local\Temp\xcAsa50.\driver_tmp_9.o
                idloc                            200000   200000        8        0       5
                config                           300000   300000        E        0       4
                init                                  0        0        4        0       0
dist/default/production\uart.X.production.o
                idloc                            200000   200000        8        0       5
                config                           300000   300000        E        0       4
                text7                              283C     283C      39A     141E       0
                text6                              2BD6     2BD6      42A     15EB       0
                text5                              2454     2454      1B4     122A       0
                text4                              22BE     22BE       24     115F       0
                text3                              22A6     22A6       18     1153       0
                text2                              2294     2294       12     114A       0
                text1                              230C     230C       30     1186       0
                text0                              233C     233C      118     119E       0
                cstackCOMRAM                          1        1       4F        1       1
                dataBIGRAM                          3CD      3CD      233      3CD       1
                cinit                              22E2     22E2       2A     1171       0
                idataBIGRAM                        2609     2609      233     2609       0

TOTAL           Name                               Link     Load   Length     Space
        CLASS   CODE           
                init                                  0        0        4         0
                text7                              283C     283C      39A         0
                text6                              2BD6     2BD6      42A         0
                text5                              2454     2454      1B4         0
                text4                              22BE     22BE       24         0
                text3                              22A6     22A6       18         0
                text2                              2294     2294       12         0
                text1                              230C     230C       30         0
                text0                              233C     233C      118         0
                cinit                              22E2     22E2       2A         0
                idataBIGRAM                        2609     2609      233         0

        CLASS   CONST          

        CLASS   SMALLCONST     

        CLASS   MEDIUMCONST    

        CLASS   COMRAM         
                cstackCOMRAM                          1        1       4F         1

        CLASS   ABS1           

        CLASS   BIGRAM         
                dataBIGRAM                          3CD      3CD      233         1

        CLASS   RAM            

        CLASS   BANK0          

        CLASS   BANK1          

        CLASS   BANK2          

        CLASS   BANK3          

        CLASS   BANK4          

        CLASS   BANK5          

        CLASS   SFR            

        CLASS   BIGSFR         

        CLASS   CONFIG         
                config                           300000   300000        E         4

        CLASS   IDLOC          
                idloc                            200000   200000        8         5

        CLASS   EEDATA         

        CLASS   FARRAM         

        CLASS   HEAP           

        CLASS   STACK          



SEGMENTS        Name                           Load    Length   Top    Selector   Space  Class

                reset_vec                      000000  000004  000004         0       0  CODE    
                cstackCOMRAM                   000001  00004F  000050         1       1  COMRAM  
                dataBIGRAM                     0003CD  000233  000600       3CD       1  BIGRAM  
                text2                          002294  000012  0022A6      114A       0  CODE    
                text3                          0022A6  000018  0022BE      1153       0  CODE    
                text4                          0022BE  000024  0022E2      115F       0  CODE    
                cinit                          0022E2  00002A  00230C      1171       0  CODE    
                text1                          00230C  000030  00233C      1186       0  CODE    
                text0                          00233C  000118  002454      119E       0  CODE    
                text5                          002454  0001B4  002608      122A       0  CODE    
                idataBIGRAM                    002609  000233  00283C      2609       0  CODE    
                text7                          00283C  00039A  002BD6      141E       0  CODE    
                text6                          002BD6  00042A  003000      15EB       0  CODE    


UNUSED ADDRESS RANGES

        Name                Unused          Largest block    Delta
        BANK0            000060-0000FF               A0
        BANK1            000100-0001FF              100
        BANK2            000200-0002FF              100
        BANK3            000300-0003CC               CD
        BIGRAM           000050-0003CC              37D
        BIGSFR           000D00-000FFF              300
        CODE             000004-002293             2290
                         002608-002608                1
                         003000-003000                1
        COMRAM           000050-00005F               10
        CONST            000004-002293             2290
                         002608-002608                1
                         003000-003000                1
        EEDATA           F00000-F000FF              100
        MEDIUMCONST      000600-002293             1C94
                         002608-002608                1
                         003000-003000                1
        RAM              000060-0003CC              100
        SFR              000D00-000FFF              100
        SMALLCONST       000600-002293              100
                         002608-002608                1
                         003000-003000                1

                                  Symbol Table

?___fldiv                      cstackCOMRAM 00000F
?___flmul                      cstackCOMRAM 000028
?___xxtofl                     cstackCOMRAM 000001
_BRG16                         (abs)        007DC3
_BRGH                          (abs)        007D62
_CFGS                          (abs)        007D36
_CREN                          (abs)        007D5C
_EEADR                         (abs)        000FA9
_EECON2                        (abs)        000FA7
_EEDATA                        (abs)        000FA8
_EEIF                          (abs)        007D0C
_EEPGD                         (abs)        007D37
_GIE                           (abs)        007F97
_RCIE                          (abs)        007CED
_RCIF                          (abs)        007CF5
_RCREG                         (abs)        000FAE
_RD                            (abs)        007D30
_RX9                           (abs)        007D5E
_SENDB                         (abs)        007D63
_SPBRG                         (abs)        000FAF
_SPEN                          (abs)        007D5F
_SYNC                          (abs)        007D64
_TRISC6                        (abs)        007CA6
_TRISC7                        (abs)        007CA7
_TX9                           (abs)        007D66
_TXEN                          (abs)        007D65
_TXIE                          (abs)        007CEC
_TXIF                          (abs)        007CF4
_TXREG                         (abs)        000FAD
_WR                            (abs)        007D31
_WREN                          (abs)        007D32
__HRAM                         (abs)        000000
__H__absolute__                __absolute__ 000000
__Habs1                        abs1         000000
__Hbank0                       bank0        000000
__Hbank1                       bank1        000000
__Hbank2                       bank2        000000
__Hbank3                       bank3        000000
__Hbank4                       bank4        000000
__Hbank5                       bank5        000000
__Hbigbss                      bigbss       000000
__Hbigdata                     bigdata      000000
__Hbigram                      bigram       000000
__Hbigsfr                      bigsfr       000000
__Hbss                         bss          000000
__Hcinit                       cinit        000000
__Hclrtext                     clrtext      000000
__Hcomram                      comram       000000
__Hconfig                      config       30000E
__Hconst                       const        000000
__HcstackCOMRAM                cstackCOMRAM 000000
__Hdata                        data         000000
__HdataBIGRAM                  dataBIGRAM   000000
__Heeprom_data                 eeprom_data  000000
__Hfarbss                      farbss       000000
__Hfardata                     fardata      000000
__Hheap                        heap         000000
__Hibigdata                    ibigdata     000000
__Hidata                       idata        000000
__HidataBIGRAM                 idataBIGRAM  000000
__Hidloc                       idloc        200008
__Hifardata                    ifardata     000000
__Hinit                        init         000004
__Hintcode                     intcode      000000
__Hintcode_body                intcode_body 000000
__Hintcodelo                   intcodelo    000000
__Hintentry                    intentry     000000
__Hintret                      intret       000000
__Hintsave_regs                intsave_regs 000000
__Hirdata                      irdata       000000
__Hmediumconst                 mediumconst  000000
__HnvFARRAM                    nvFARRAM     000000
__Hnvbit                       nvbit        000000
__Hnvrram                      nvrram       000000
__Hparam                       rparam       000000
__Hpowerup                     powerup      000000
__Hram                         ram          000000
__Hramtop                      ramtop       000600
__Hrbit                        rbit         000000
__Hrbss                        rbss         000000
__Hrdata                       rdata        000000
__Hreset_vec                   reset_vec    000000
__Hrparam                      rparam       000000
__Hsfr                         sfr          000000
__Hsmallconst                  smallconst   000000
__Hspace_0                     (abs)        003000
__Hspace_1                     (abs)        000600
__Hspace_2                     (abs)        000000
__Hspace_4                     (abs)        60000E
__Hstack                       stack        000000
__Hstruct                      struct       000000
__Htemp                        temp         000000
__Htext                        text         000000
__Htext0                       text0        000000
__Htext1                       text1        000000
__Htext2                       text2        000000
__Htext3                       text3        000000
__Htext4                       text4        000000
__Htext5                       text5        000000
__Htext6                       text6        000000
__Htext7                       text7        000000
__LRAM                         (abs)        000001
__L__absolute__                __absolute__ 000000
__Labs1                        abs1         000000
__Lbank0                       bank0        000000
__Lbank1                       bank1        000000
__Lbank2                       bank2        000000
__Lbank3                       bank3        000000
__Lbank4                       bank4        000000
__Lbank5                       bank5        000000
__Lbigbss                      bigbss       000000
__Lbigdata                     bigdata      000000
__Lbigram                      bigram       000000
__Lbigsfr                      bigsfr       000000
__Lbss                         bss          000000
__Lcinit                       cinit        000000
__Lclrtext                     clrtext      000000
__Lcomram                      comram       000000
__Lconfig                      config       000000
__Lconst                       const        000000
__LcstackCOMRAM                cstackCOMRAM 000000
__Ldata                        data         000000
__LdataBIGRAM                  dataBIGRAM   000000
__Leeprom_data                 eeprom_data  000000
__Lfarbss                      farbss       000000
__Lfardata                     fardata      000000
__Lheap                        heap         000000
__Libigdata                    ibigdata     000000
__Lidata                       idata        000000
__LidataBIGRAM                 idataBIGRAM  000000
__Lidloc                       idloc        000000
__Lifardata                    ifardata     000000
__Linit                        init         000000
__Lintcode                     intcode      000000
__Lintcode_body                intcode_body 000000
__Lintcodelo                   intcodelo    000000
__Lintentry                    intentry     000000
__Lintret                      intret       000000
__Lintsave_regs                intsave_regs 000000
__Lirdata                      irdata       000000
__Lmediumconst                 mediumconst  000000
__LnvFARRAM                    nvFARRAM     000000
__Lnvbit                       nvbit        000000
__Lnvrram                      nvrram       000000
__Lparam                       rparam       000000
__Lpowerup                     powerup      000000
__Lram                         ram          000000
__Lramtop                      ramtop       000600
__Lrbit                        rbit         000000
__Lrbss                        rbss         000000
__Lrdata                       rdata        000000
__Lreset_vec                   reset_vec    000000
__Lrparam                      rparam       000000
__Lsfr                         sfr          000000
__Lsmallconst                  smallconst   000000
__Lspace_0                     (abs)        000000
__Lspace_1                     (abs)        000000
__Lspace_2                     (abs)        000000
__Lspace_4                     (abs)        000000
__Lstack                       stack        000000
__Lstruct                      struct       000000
__Ltemp                        temp         000000
__Ltext                        text         000000
__Ltext0                       text0        000000
__Ltext1                       text1        000000
__Ltext2                       text2        000000
__Ltext3                       text3        000000
__Ltext4                       text4        000000
__Ltext5                       text5        000000
__Ltext6                       text6        000000
__Ltext7                       text7        000000
__S0                           (abs)        003000
__S1                           (abs)        000600
__S4                           (abs)        000000
__S5                           (abs)        000000
___fldiv                       text7        00283C
___fldiv@a                     cstackCOMRAM 000013
___fldiv@aexp                  cstackCOMRAM 000027
___fldiv@b                     cstackCOMRAM 00000F
___fldiv@bexp                  cstackCOMRAM 000026
___fldiv@grs                   cstackCOMRAM 000022
___fldiv@new_exp               cstackCOMRAM 000020
___fldiv@rem                   cstackCOMRAM 00001B
___fldiv@sign                  cstackCOMRAM 00001F
___flmul                       text6        002BD6
___flmul@a                     cstackCOMRAM 00002C
___flmul@aexp                  cstackCOMRAM 000039
___flmul@b                     cstackCOMRAM 000028
___flmul@bexp                  cstackCOMRAM 00003A
___flmul@grs                   cstackCOMRAM 000035
___flmul@prod                  cstackCOMRAM 00003B
___flmul@sign                  cstackCOMRAM 000034
___flmul@temp                  cstackCOMRAM 00003F
___heap_hi                     (abs)        000000
___heap_lo                     (abs)        000000
___inthi_sp                    stack        000000
___intlo_sp                    stack        000000
___param_bank                  (abs)        000000
___rparam_used                 (abs)        000001
___sp                          stack        000000
___xxtofl                      text5        002454
___xxtofl@arg                  cstackCOMRAM 00000B
___xxtofl@exp                  cstackCOMRAM 00000A
___xxtofl@sign                 cstackCOMRAM 000009
___xxtofl@val                  cstackCOMRAM 000001
__accesstop                    (abs)        000060
__activetblptr                 (abs)        000000
__end_of___fldiv               text7        002BD6
__end_of___flmul               text6        003000
__end_of___xxtofl              text5        002608
__end_of__initialization       cinit        002306
__end_of_init_uart             text4        0022E2
__end_of_main                  text0        002454
__end_of_putch                 text3        0022BE
__end_of_read_internal_eeprom  text2        0022A6
__end_of_write_internal_eeprom text1        00233C
__initialization               cinit        0022E2
__mediumconst                  mediumconst  000000
__pcinit                       cinit        0022E2
__pcstackCOMRAM                cstackCOMRAM 000001
__pdataBIGRAM                  dataBIGRAM   0003CD
__pidataBIGRAM                 idataBIGRAM  002609
__ptext0                       text0        00233C
__ptext1                       text1        00230C
__ptext2                       text2        002294
__ptext3                       text3        0022A6
__ptext4                       text4        0022BE
__ptext5                       text5        002454
__ptext6                       text6        002BD6
__ptext7                       text7        00283C
__ramtop                       ramtop       000600
__smallconst                   smallconst   000000
_init_uart                     text4        0022BE
_main                          text0        00233C
_putch                         text3        0022A6
_read_internal_eeprom          text2        002294
_text                          dataBIGRAM   0003CD
_write_internal_eeprom         text1        00230C
end_of_initialization          cinit        002306
intlevel0                      text         000000
intlevel1                      text         000000
intlevel2                      text         000000
intlevel3                      text         000000
isa$std                        (abs)        000001
isa$xinst                      (abs)        000000
main@data                      cstackCOMRAM 00004B
main@end_time                  cstackCOMRAM 000043
main@i                         cstackCOMRAM 00004E
main@i_56                      cstackCOMRAM 00004C
main@start_time                cstackCOMRAM 000041
main@time_taken                cstackCOMRAM 000045
main@total_bits_transmitted    cstackCOMRAM 000047
putch@data                     cstackCOMRAM 000001
read_internal_eeprom@addr      cstackCOMRAM 000001
stackhi                        (abs)        000000
stacklo                        (abs)        000000
start                          init         000000
start_initialization           cinit        0022E2
write_internal_eeprom@addr     cstackCOMRAM 000001
write_internal_eeprom@data     cstackCOMRAM 000002


MODULE INFORMATION

Module		Function		Class		Link	Load	Size
uart.c
		_putch         		CODE           	22A6	0000	24
		_init_uart     		CODE           	22BE	0000	36

uart.c estimated size: 60

C:\Program Files\Microchip\xc8\v2.41\pic\sources\c99\common\xxtofl.c
		___xxtofl      		CODE           	2454	0000	436

C:\Program Files\Microchip\xc8\v2.41\pic\sources\c99\common\xxtofl.c estimated size: 436

int_eeprom.c
		_read_internal_eeprom		CODE           	2294	0000	18
		_write_internal_eeprom		CODE           	230C	0000	48

int_eeprom.c estimated size: 66

shared
		__initialization		CODE           	22E2	0000	36

shared estimated size: 36

main.c
		_main          		CODE           	233C	0000	280

main.c estimated size: 280

C:\Program Files\Microchip\xc8\v2.41\pic\sources\c99\common\sprcmul.c
		___flmul       		CODE           	2BD6	0000	1066

C:\Program Files\Microchip\xc8\v2.41\pic\sources\c99\common\sprcmul.c estimated size: 1066

C:\Program Files\Microchip\xc8\v2.41\pic\sources\c99\common\sprcdiv.c
		___fldiv       		CODE           	283C	0000	922

C:\Program Files\Microchip\xc8\v2.41\pic\sources\c99\common\sprcdiv.c estimated size: 922

